i  deploying functions, hosting 
i  functions: preparing codebase default for deployment 
i  functions: ensuring required API cloudfunctions.googleapis.com is enabled... 
i  functions: ensuring required API cloudbuild.googleapis.com is enabled... 
i  artifactregistry: ensuring required API artifactregistry.googleapis.com is enabled... 
!  functions: package.json indicates an outdated version of firebase-functions. Please upgrade using npm install --save firebase-functions@latest in your functions directory. 
!  functions: Please note that there will be breaking changes when you upgrade. 
i  functions: Loading and analyzing source code for codebase default to determine what to deploy 
i  extensions: ensuring required API firebaseextensions.googleapis.com is enabled... 
i  functions: Loaded environment variables from .env.radar-acs. 
i  functions: preparing api directory for uploading... 
i  functions: packaged C:\Users\ander\projetos\radar-acs\api (83.39 KB) for uploading 
i  functions: ensuring required API run.googleapis.com is enabled... 
i  functions: ensuring required API eventarc.googleapis.com is enabled... 
i  functions: ensuring required API pubsub.googleapis.com is enabled... 
i  functions: ensuring required API storage.googleapis.com is enabled... 
i  functions: generating the service identity for pubsub.googleapis.com... 
i  functions: generating the service identity for eventarc.googleapis.com... 
i  functions: ensuring required API secretmanager.googleapis.com is enabled... 
+  functions: api source uploaded successfully 
i  hosting[radar-acs]: beginning deploy... 
i  hosting[radar-acs]: found 17 files in frontend/dist 
i  hosting: uploading new files [0/6] (0%) 
i  hosting: upload complete 
+  hosting[radar-acs]: file upload complete 
i  functions: updating Node.js 22 (2nd Gen) function radarApi(us-east1)... 
+  functions[radarApi(us-east1)] Successful update operation. 
i  hosting[radar-acs]: finalizing version... 
+  hosting[radar-acs]: version finalized 
i  hosting[radar-acs]: releasing new version... 
+  hosting[radar-acs]: release complete 
+  Deploy complete! 
Hosting URL: https://radar-acs.web.app
